// Jest Snapshot v1, https://goo.gl/fbAQLP

exports[`List Component should render correctly 1`] = `[Function]`;

exports[`List Component should render the child component 1`] = `[Function]`;

exports[`ListItem Component should render correctly 1`] = `[Function]`;

exports[`ListItem Component should render the child component 1`] = `[Function]`;

exports[`ListItemText Component should render correctly 1`] = `[Function]`;
